// Jest Snapshot v1, https://goo.gl/fbAQLP

exports[`<List /> renders without crashing snapshot 1`] = `
<div
  className="Card"
>
  <button
    type="button"
  >
    delete
  </button>
  <h3>
    Amazing title
  </h3>
  <p>
    What!
  </p>
</div>
`;
